loss=CrossEntropyLoss
model=resnet device=cuda | NVIDIA GeForce RTX 3060 Laptop GPU | PyTorch CUDA 12.8 train=15163 validation=1685
input=[B,1,256,32] parameters=170,818
epoch=001 lr=1.00e-03 train_loss=2.861390 train_acc=0.0625 val_loss=2.836232 val_acc=0.0825 time=13.0s gpu_peak=453.4MiB
epoch=002 lr=1.00e-03 train_loss=2.844187 train_acc=0.0635 val_loss=2.825784 val_acc=0.0528 time=8.9s gpu_peak=453.4MiB
epoch=003 lr=1.00e-03 train_loss=2.847150 train_acc=0.0648 val_loss=2.851704 val_acc=0.0558 time=9.0s gpu_peak=453.4MiB
epoch=004 lr=1.00e-03 train_loss=2.832391 train_acc=0.0625 val_loss=2.826993 val_acc=0.0522 time=10.0s gpu_peak=453.4MiB
epoch=005 lr=1.00e-03 train_loss=2.821100 train_acc=0.0673 val_loss=2.828770 val_acc=0.0522 time=9.9s gpu_peak=453.4MiB
epoch=006 lr=1.00e-03 train_loss=2.830780 train_acc=0.0663 val_loss=2.844898 val_acc=0.0706 time=10.1s gpu_peak=453.4MiB
epoch=007 lr=1.00e-03 train_loss=2.824258 train_acc=0.0605 val_loss=2.799309 val_acc=0.0629 time=10.1s gpu_peak=453.4MiB
epoch=008 lr=1.00e-03 train_loss=2.831584 train_acc=0.0635 val_loss=2.849699 val_acc=0.0487 time=10.1s gpu_peak=453.4MiB
epoch=009 lr=1.00e-03 train_loss=2.813792 train_acc=0.0622 val_loss=2.847552 val_acc=0.0534 time=10.1s gpu_peak=453.4MiB
epoch=010 lr=1.00e-03 train_loss=2.813999 train_acc=0.0607 val_loss=2.797388 val_acc=0.0540 time=10.4s gpu_peak=453.4MiB
epoch=011 lr=1.00e-03 train_loss=2.811384 train_acc=0.0642 val_loss=2.793838 val_acc=0.0558 time=10.2s gpu_peak=453.4MiB
epoch=012 lr=1.00e-03 train_loss=2.809599 train_acc=0.0632 val_loss=2.802033 val_acc=0.0706 time=10.3s gpu_peak=453.4MiB
epoch=013 lr=1.00e-03 train_loss=2.809645 train_acc=0.0640 val_loss=2.799297 val_acc=0.0599 time=10.0s gpu_peak=453.4MiB
epoch=014 lr=1.00e-03 train_loss=2.808759 train_acc=0.0665 val_loss=2.858119 val_acc=0.0582 time=9.9s gpu_peak=453.4MiB
epoch=015 lr=1.00e-03 train_loss=2.730768 train_acc=0.0979 val_loss=2.788556 val_acc=0.0914 time=10.0s gpu_peak=453.4MiB
epoch=016 lr=1.00e-03 train_loss=2.533876 train_acc=0.1522 val_loss=2.523161 val_acc=0.1638 time=10.3s gpu_peak=453.4MiB
epoch=017 lr=1.00e-03 train_loss=2.265933 train_acc=0.2238 val_loss=2.327177 val_acc=0.2125 time=10.3s gpu_peak=453.4MiB
epoch=018 lr=1.00e-03 train_loss=2.078120 train_acc=0.2699 val_loss=4.363013 val_acc=0.2036 time=10.2s gpu_peak=453.4MiB
epoch=019 lr=1.00e-03 train_loss=1.998694 train_acc=0.2862 val_loss=5.649267 val_acc=0.2516 time=10.3s gpu_peak=453.4MiB
epoch=020 lr=1.00e-03 train_loss=1.946585 train_acc=0.3057 val_loss=4.982076 val_acc=0.2623 time=10.1s gpu_peak=453.4MiB
epoch=021 lr=1.00e-03 train_loss=1.904643 train_acc=0.3135 val_loss=5.189953 val_acc=0.2861 time=10.2s gpu_peak=453.4MiB
epoch=022 lr=1.00e-03 train_loss=1.881251 train_acc=0.3226 val_loss=2.079492 val_acc=0.2938 time=10.4s gpu_peak=453.4MiB
epoch=023 lr=1.00e-03 train_loss=1.857702 train_acc=0.3264 val_loss=7.695519 val_acc=0.2914 time=10.4s gpu_peak=453.4MiB
epoch=024 lr=1.00e-03 train_loss=1.823588 train_acc=0.3366 val_loss=6.489779 val_acc=0.2730 time=13.0s gpu_peak=453.4MiB
epoch=025 lr=1.00e-03 train_loss=1.808048 train_acc=0.3422 val_loss=1.829750 val_acc=0.3264 time=17.5s gpu_peak=453.4MiB
epoch=026 lr=1.00e-03 train_loss=1.790245 train_acc=0.3497 val_loss=1.899206 val_acc=0.3312 time=13.5s gpu_peak=453.4MiB
epoch=027 lr=1.00e-03 train_loss=1.747097 train_acc=0.3640 val_loss=2.420475 val_acc=0.3163 time=13.1s gpu_peak=453.4MiB
epoch=028 lr=1.00e-03 train_loss=1.719111 train_acc=0.3753 val_loss=3.323075 val_acc=0.3258 time=11.5s gpu_peak=453.4MiB
epoch=029 lr=1.00e-03 train_loss=1.694713 train_acc=0.3813 val_loss=3.503744 val_acc=0.3300 time=9.9s gpu_peak=453.4MiB
epoch=030 lr=1.00e-03 train_loss=1.666073 train_acc=0.3938 val_loss=2.467920 val_acc=0.3513 time=10.1s gpu_peak=453.4MiB
epoch=031 lr=1.00e-03 train_loss=1.639945 train_acc=0.4054 val_loss=2.035928 val_acc=0.3579 time=10.4s gpu_peak=453.4MiB
epoch=032 lr=1.00e-03 train_loss=1.620571 train_acc=0.4123 val_loss=3.183786 val_acc=0.3638 time=10.6s gpu_peak=453.4MiB
epoch=033 lr=1.00e-03 train_loss=1.585148 train_acc=0.4243 val_loss=1.804944 val_acc=0.3864 time=10.6s gpu_peak=453.4MiB
epoch=034 lr=1.00e-03 train_loss=1.566951 train_acc=0.4359 val_loss=1.870623 val_acc=0.3739 time=10.6s gpu_peak=453.4MiB
epoch=035 lr=1.00e-03 train_loss=1.542450 train_acc=0.4488 val_loss=4.014028 val_acc=0.4089 time=10.4s gpu_peak=453.4MiB
epoch=036 lr=1.00e-03 train_loss=1.514657 train_acc=0.4556 val_loss=1.925735 val_acc=0.3881 time=10.6s gpu_peak=453.4MiB
epoch=037 lr=1.00e-03 train_loss=1.493959 train_acc=0.4629 val_loss=3.120126 val_acc=0.4136 time=10.5s gpu_peak=453.4MiB
epoch=038 lr=1.00e-03 train_loss=1.470583 train_acc=0.4685 val_loss=1.646018 val_acc=0.4208 time=10.4s gpu_peak=453.4MiB
epoch=039 lr=1.00e-03 train_loss=1.441776 train_acc=0.4771 val_loss=6.535657 val_acc=0.3917 time=10.2s gpu_peak=453.4MiB
epoch=040 lr=1.00e-03 train_loss=1.426165 train_acc=0.4804 val_loss=3.710091 val_acc=0.4196 time=10.2s gpu_peak=453.4MiB
epoch=041 lr=1.00e-03 train_loss=1.405740 train_acc=0.4872 val_loss=1.986509 val_acc=0.4356 time=10.2s gpu_peak=453.4MiB
epoch=042 lr=1.00e-03 train_loss=1.385279 train_acc=0.4906 val_loss=2.990892 val_acc=0.4202 time=10.2s gpu_peak=453.4MiB
epoch=043 lr=1.00e-03 train_loss=1.374412 train_acc=0.4970 val_loss=3.402166 val_acc=0.4332 time=10.4s gpu_peak=453.4MiB
epoch=044 lr=1.00e-03 train_loss=1.351026 train_acc=0.5006 val_loss=8.154831 val_acc=0.4493 time=10.2s gpu_peak=453.4MiB
epoch=045 lr=1.00e-03 train_loss=1.344756 train_acc=0.4995 val_loss=1.728182 val_acc=0.4564 time=10.4s gpu_peak=453.4MiB
epoch=046 lr=1.00e-03 train_loss=1.331225 train_acc=0.5060 val_loss=9.877573 val_acc=0.4190 time=10.1s gpu_peak=453.4MiB
epoch=047 lr=1.00e-03 train_loss=1.323762 train_acc=0.5122 val_loss=3.886671 val_acc=0.4421 time=9.9s gpu_peak=453.4MiB
epoch=048 lr=1.00e-03 train_loss=1.315132 train_acc=0.5153 val_loss=1.552515 val_acc=0.4677 time=9.9s gpu_peak=453.4MiB
epoch=049 lr=1.00e-03 train_loss=1.304388 train_acc=0.5200 val_loss=2.952279 val_acc=0.4427 time=10.3s gpu_peak=453.4MiB
epoch=050 lr=1.00e-03 train_loss=1.289136 train_acc=0.5268 val_loss=2.476363 val_acc=0.4647 time=9.9s gpu_peak=453.4MiB
epoch=051 lr=1.00e-03 train_loss=1.282386 train_acc=0.5345 val_loss=1.730215 val_acc=0.4487 time=10.6s gpu_peak=453.4MiB
epoch=052 lr=1.00e-03 train_loss=1.267232 train_acc=0.5377 val_loss=5.477364 val_acc=0.4356 time=11.6s gpu_peak=453.4MiB
epoch=053 lr=1.00e-03 train_loss=1.262568 train_acc=0.5401 val_loss=1.798419 val_acc=0.4629 time=9.9s gpu_peak=453.4MiB
epoch=054 lr=1.00e-03 train_loss=1.246080 train_acc=0.5482 val_loss=7.818229 val_acc=0.4546 time=10.0s gpu_peak=453.4MiB
epoch=055 lr=1.00e-03 train_loss=1.224899 train_acc=0.5572 val_loss=1.992831 val_acc=0.4570 time=10.3s gpu_peak=453.4MiB
epoch=056 lr=1.00e-03 train_loss=1.213667 train_acc=0.5682 val_loss=3.335907 val_acc=0.4522 time=10.6s gpu_peak=453.4MiB
epoch=057 lr=1.00e-03 train_loss=1.198062 train_acc=0.5664 val_loss=10.494193 val_acc=0.4320 time=10.3s gpu_peak=453.4MiB
epoch=058 lr=1.00e-03 train_loss=1.169435 train_acc=0.5783 val_loss=2.347298 val_acc=0.4724 time=10.3s gpu_peak=453.4MiB
epoch=059 lr=1.00e-03 train_loss=1.157037 train_acc=0.5863 val_loss=4.692771 val_acc=0.4641 time=10.3s gpu_peak=453.4MiB
epoch=060 lr=1.00e-03 train_loss=1.127407 train_acc=0.5993 val_loss=2.206675 val_acc=0.4772 time=10.3s gpu_peak=453.4MiB
epoch=061 lr=1.00e-03 train_loss=1.098680 train_acc=0.6072 val_loss=1.942277 val_acc=0.4819 time=10.1s gpu_peak=453.4MiB
epoch=062 lr=1.00e-03 train_loss=1.075775 train_acc=0.6156 val_loss=1.821273 val_acc=0.4588 time=10.3s gpu_peak=453.4MiB
epoch=063 lr=1.00e-03 train_loss=1.042228 train_acc=0.6309 val_loss=18.898149 val_acc=0.4208 time=10.2s gpu_peak=453.4MiB
epoch=064 lr=1.00e-03 train_loss=1.029913 train_acc=0.6379 val_loss=2.806407 val_acc=0.4475 time=10.1s gpu_peak=453.4MiB
epoch=065 lr=1.00e-03 train_loss=1.009882 train_acc=0.6476 val_loss=3.678719 val_acc=0.4671 time=10.3s gpu_peak=453.4MiB
epoch=066 lr=1.00e-03 train_loss=0.981152 train_acc=0.6566 val_loss=9.487816 val_acc=0.4409 time=10.2s gpu_peak=453.4MiB
epoch=067 lr=1.00e-03 train_loss=0.964158 train_acc=0.6646 val_loss=5.649326 val_acc=0.4558 time=10.1s gpu_peak=453.4MiB
epoch=068 lr=1.00e-03 train_loss=0.942579 train_acc=0.6757 val_loss=4.332375 val_acc=0.4677 time=10.2s gpu_peak=453.4MiB
epoch=069 lr=1.00e-03 train_loss=0.924279 train_acc=0.6774 val_loss=2.885109 val_acc=0.4783 time=10.2s gpu_peak=453.4MiB
epoch=070 lr=1.00e-03 train_loss=0.894079 train_acc=0.6964 val_loss=9.229197 val_acc=0.4647 time=10.0s gpu_peak=453.4MiB
epoch=071 lr=1.00e-03 train_loss=0.863140 train_acc=0.7068 val_loss=4.289914 val_acc=0.4677 time=10.2s gpu_peak=453.4MiB
epoch=072 lr=1.00e-03 train_loss=0.842218 train_acc=0.7150 val_loss=2.311879 val_acc=0.4564 time=10.0s gpu_peak=453.4MiB
epoch=073 lr=1.00e-03 train_loss=0.827804 train_acc=0.7208 val_loss=3.123326 val_acc=0.4617 time=10.0s gpu_peak=453.4MiB
epoch=074 lr=1.00e-03 train_loss=0.801224 train_acc=0.7318 val_loss=2.215149 val_acc=0.4504 time=10.1s gpu_peak=453.4MiB
epoch=075 lr=1.00e-03 train_loss=0.777320 train_acc=0.7403 val_loss=2.966250 val_acc=0.4653 time=10.1s gpu_peak=453.4MiB
epoch=076 lr=1.00e-03 train_loss=0.775335 train_acc=0.7396 val_loss=4.084020 val_acc=0.4504 time=10.1s gpu_peak=453.4MiB
epoch=077 lr=1.00e-03 train_loss=0.746909 train_acc=0.7514 val_loss=3.084181 val_acc=0.4623 time=10.3s gpu_peak=453.4MiB
epoch=078 lr=1.00e-03 train_loss=0.729283 train_acc=0.7582 val_loss=2.501973 val_acc=0.4611 time=10.2s gpu_peak=453.4MiB
epoch=079 lr=1.00e-03 train_loss=0.702066 train_acc=0.7676 val_loss=8.574532 val_acc=0.4386 time=10.5s gpu_peak=453.4MiB
epoch=080 lr=1.00e-03 train_loss=0.688200 train_acc=0.7760 val_loss=2.154491 val_acc=0.4754 time=10.5s gpu_peak=453.4MiB
epoch=081 lr=1.00e-03 train_loss=0.672959 train_acc=0.7805 val_loss=2.392544 val_acc=0.4665 time=10.3s gpu_peak=453.4MiB
验证准确率连续 20 轮未改善，提前停止。
最佳模型已保存：D:\pythonProject1\You_PolarCode\outputs\resnet_v2\resnet_best.pt
